// Jest Snapshot v1, https://goo.gl/fbAQLP

exports[`Test ListItem renders correctly 1`] = `
<View
  style={
    {
      "flex": 1,
      "flexDirection": "row",
      "padding": 10,
    }
  }
>
  <Image
    source={
      {
        "uri": "http://cdn-img.prettylittlething.com/9/0/a/a/90aa90903a135ee59594f47c7685aa7ef3046e44_cly8063_1.jpg?imwidth=1024",
      }
    }
    style={
      {
        "height": 100,
        "width": 100,
      }
    }
  />
  <View
    style={
      {
        "flex": 1,
      }
    }
  >
    <Text
      style={
        {
          "marginBottom": 10,
          "width": "80%",
        }
      }
      testID="listItemName"
    >
      Black Sheet Strappy Textured Glitter Bodycon Dress
    </Text>
    <View
      style={
        {
          "flexDirection": "row",
          "justifyContent": "space-between",
        }
      }
    >
      <View>
        <Text
          style={
            {
              "marginBottom": 10,
            }
          }
          testID="listItemColor"
        >
          Black
        </Text>
        <Text
          style={
            {
              "marginBottom": 10,
            }
          }
          testID="listItemPrice"
        >
          10
        </Text>
      </View>
      <View
        style={
          {
            "alignItems": "center",
            "flexDirection": "row",
          }
        }
      >
        <View
          accessibilityRole="button"
          accessibilityState={
            {
              "busy": undefined,
              "checked": undefined,
              "disabled": undefined,
              "expanded": undefined,
              "selected": undefined,
            }
          }
          accessibilityValue={
            {
              "max": undefined,
              "min": undefined,
              "now": undefined,
              "text": undefined,
            }
          }
          accessible={true}
          collapsable={false}
          focusable={true}
          onClick={[Function]}
          onResponderGrant={[Function]}
          onResponderMove={[Function]}
          onResponderRelease={[Function]}
          onResponderTerminate={[Function]}
          onResponderTerminationRequest={[Function]}
          onStartShouldSetResponder={[Function]}
          style={
            {
              "opacity": 1,
            }
          }
          testID="listItemAddToCartButton"
        >
          <View
            style={
              [
                {},
              ]
            }
          >
            <Text
              style={
                [
                  {
                    "color": "#007AFF",
                    "fontSize": 18,
                    "margin": 8,
                    "textAlign": "center",
                  },
                ]
              }
            >
              Add To Cart
            </Text>
          </View>
        </View>
      </View>
    </View>
  </View>
</View>
`;
