// Jest Snapshot v1, https://goo.gl/fbAQLP

exports[`Test Cart renders correctly 1`] = `
<View
  style={
    {
      "flex": 1,
    }
  }
>
  <RCTScrollView
    data={
      [
        {
          "colour": "Black",
          "id": 1,
          "img": "http://cdn-img.prettylittlething.com/9/0/a/a/90aa90903a135ee59594f47c7685aa7ef3046e44_cly8063_1.jpg?imwidth=1024",
          "name": "Black Sheet Strappy Textured Glitter Bodycon Dress",
          "price": 10,
          "selectedCount": 3,
        },
        {
          "colour": "Stone",
          "id": 2,
          "img": "https://cdn-img.prettylittlething.com/3/6/5/a/365a5d1dce6a2b77b564379b302c9d83afccf33b_cmd2051_1.jpg?imwidth=1024",
          "name": "Stone Ribbed Strappy Cut Out Detail Bodycon Dress",
          "price": 4,
          "selectedCount": 2,
        },
      ]
    }
    extraData={
      [
        {
          "colour": "Black",
          "id": 1,
          "img": "http://cdn-img.prettylittlething.com/9/0/a/a/90aa90903a135ee59594f47c7685aa7ef3046e44_cly8063_1.jpg?imwidth=1024",
          "name": "Black Sheet Strappy Textured Glitter Bodycon Dress",
          "price": 10,
          "selectedCount": 3,
        },
        {
          "colour": "Stone",
          "id": 2,
          "img": "https://cdn-img.prettylittlething.com/3/6/5/a/365a5d1dce6a2b77b564379b302c9d83afccf33b_cmd2051_1.jpg?imwidth=1024",
          "name": "Stone Ribbed Strappy Cut Out Detail Bodycon Dress",
          "price": 4,
          "selectedCount": 2,
        },
      ]
    }
    getItem={[Function]}
    getItemCount={[Function]}
    keyExtractor={[Function]}
    onContentSizeChange={[Function]}
    onLayout={[Function]}
    onMomentumScrollBegin={[Function]}
    onMomentumScrollEnd={[Function]}
    onScroll={[Function]}
    onScrollBeginDrag={[Function]}
    onScrollEndDrag={[Function]}
    removeClippedSubviews={false}
    renderItem={[Function]}
    scrollEventThrottle={50}
    stickyHeaderIndices={[]}
    style={
      {
        "flex": 1,
      }
    }
    testID="cartList"
    viewabilityConfigCallbackPairs={[]}
  >
    <View>
      <View
        onFocusCapture={[Function]}
        onLayout={[Function]}
        style={null}
      >
        <View
          style={
            {
              "flex": 1,
              "flexDirection": "row",
              "padding": 10,
            }
          }
        >
          <Image
            source={
              {
                "uri": "http://cdn-img.prettylittlething.com/9/0/a/a/90aa90903a135ee59594f47c7685aa7ef3046e44_cly8063_1.jpg?imwidth=1024",
              }
            }
            style={
              {
                "height": 100,
                "width": 100,
              }
            }
          />
          <View
            style={
              {
                "flex": 1,
              }
            }
          >
            <Text
              style={
                {
                  "marginBottom": 10,
                  "width": "80%",
                }
              }
              testID="listItemName"
            >
              Black Sheet Strappy Textured Glitter Bodycon Dress
            </Text>
            <View
              style={
                {
                  "flexDirection": "row",
                  "justifyContent": "space-between",
                }
              }
            >
              <View>
                <Text
                  style={
                    {
                      "marginBottom": 10,
                    }
                  }
                  testID="listItemColor"
                >
                  Black
                </Text>
                <Text
                  style={
                    {
                      "marginBottom": 10,
                    }
                  }
                  testID="listItemPrice"
                >
                  10
                </Text>
              </View>
              <View
                style={
                  {
                    "alignItems": "center",
                    "flexDirection": "row",
                  }
                }
              >
                <View
                  accessibilityRole="button"
                  accessibilityState={
                    {
                      "busy": undefined,
                      "checked": undefined,
                      "disabled": undefined,
                      "expanded": undefined,
                      "selected": undefined,
                    }
                  }
                  accessibilityValue={
                    {
                      "max": undefined,
                      "min": undefined,
                      "now": undefined,
                      "text": undefined,
                    }
                  }
                  accessible={true}
                  collapsable={false}
                  focusable={true}
                  onClick={[Function]}
                  onResponderGrant={[Function]}
                  onResponderMove={[Function]}
                  onResponderRelease={[Function]}
                  onResponderTerminate={[Function]}
                  onResponderTerminationRequest={[Function]}
                  onStartShouldSetResponder={[Function]}
                  style={
                    {
                      "opacity": 1,
                    }
                  }
                  testID="listItemDecermentButton"
                >
                  <View
                    style={
                      [
                        {},
                      ]
                    }
                  >
                    <Text
                      style={
                        [
                          {
                            "color": "#007AFF",
                            "fontSize": 18,
                            "margin": 8,
                            "textAlign": "center",
                          },
                        ]
                      }
                    >
                      -
                    </Text>
                  </View>
                </View>
                <Text
                  testID="listItemCount"
                >
                  3
                </Text>
                <View
                  accessibilityRole="button"
                  accessibilityState={
                    {
                      "busy": undefined,
                      "checked": undefined,
                      "disabled": undefined,
                      "expanded": undefined,
                      "selected": undefined,
                    }
                  }
                  accessibilityValue={
                    {
                      "max": undefined,
                      "min": undefined,
                      "now": undefined,
                      "text": undefined,
                    }
                  }
                  accessible={true}
                  collapsable={false}
                  focusable={true}
                  onClick={[Function]}
                  onResponderGrant={[Function]}
                  onResponderMove={[Function]}
                  onResponderRelease={[Function]}
                  onResponderTerminate={[Function]}
                  onResponderTerminationRequest={[Function]}
                  onStartShouldSetResponder={[Function]}
                  style={
                    {
                      "opacity": 1,
                    }
                  }
                  testID="listItemIncermentButton"
                >
                  <View
                    style={
                      [
                        {},
                      ]
                    }
                  >
                    <Text
                      style={
                        [
                          {
                            "color": "#007AFF",
                            "fontSize": 18,
                            "margin": 8,
                            "textAlign": "center",
                          },
                        ]
                      }
                    >
                      +
                    </Text>
                  </View>
                </View>
              </View>
            </View>
          </View>
        </View>
      </View>
      <View
        onFocusCapture={[Function]}
        onLayout={[Function]}
        style={null}
      >
        <View
          style={
            {
              "flex": 1,
              "flexDirection": "row",
              "padding": 10,
            }
          }
        >
          <Image
            source={
              {
                "uri": "https://cdn-img.prettylittlething.com/3/6/5/a/365a5d1dce6a2b77b564379b302c9d83afccf33b_cmd2051_1.jpg?imwidth=1024",
              }
            }
            style={
              {
                "height": 100,
                "width": 100,
              }
            }
          />
          <View
            style={
              {
                "flex": 1,
              }
            }
          >
            <Text
              style={
                {
                  "marginBottom": 10,
                  "width": "80%",
                }
              }
              testID="listItemName"
            >
              Stone Ribbed Strappy Cut Out Detail Bodycon Dress
            </Text>
            <View
              style={
                {
                  "flexDirection": "row",
                  "justifyContent": "space-between",
                }
              }
            >
              <View>
                <Text
                  style={
                    {
                      "marginBottom": 10,
                    }
                  }
                  testID="listItemColor"
                >
                  Stone
                </Text>
                <Text
                  style={
                    {
                      "marginBottom": 10,
                    }
                  }
                  testID="listItemPrice"
                >
                  4
                </Text>
              </View>
              <View
                style={
                  {
                    "alignItems": "center",
                    "flexDirection": "row",
                  }
                }
              >
                <View
                  accessibilityRole="button"
                  accessibilityState={
                    {
                      "busy": undefined,
                      "checked": undefined,
                      "disabled": undefined,
                      "expanded": undefined,
                      "selected": undefined,
                    }
                  }
                  accessibilityValue={
                    {
                      "max": undefined,
                      "min": undefined,
                      "now": undefined,
                      "text": undefined,
                    }
                  }
                  accessible={true}
                  collapsable={false}
                  focusable={true}
                  onClick={[Function]}
                  onResponderGrant={[Function]}
                  onResponderMove={[Function]}
                  onResponderRelease={[Function]}
                  onResponderTerminate={[Function]}
                  onResponderTerminationRequest={[Function]}
                  onStartShouldSetResponder={[Function]}
                  style={
                    {
                      "opacity": 1,
                    }
                  }
                  testID="listItemDecermentButton"
                >
                  <View
                    style={
                      [
                        {},
                      ]
                    }
                  >
                    <Text
                      style={
                        [
                          {
                            "color": "#007AFF",
                            "fontSize": 18,
                            "margin": 8,
                            "textAlign": "center",
                          },
                        ]
                      }
                    >
                      -
                    </Text>
                  </View>
                </View>
                <Text
                  testID="listItemCount"
                >
                  2
                </Text>
                <View
                  accessibilityRole="button"
                  accessibilityState={
                    {
                      "busy": undefined,
                      "checked": undefined,
                      "disabled": undefined,
                      "expanded": undefined,
                      "selected": undefined,
                    }
                  }
                  accessibilityValue={
                    {
                      "max": undefined,
                      "min": undefined,
                      "now": undefined,
                      "text": undefined,
                    }
                  }
                  accessible={true}
                  collapsable={false}
                  focusable={true}
                  onClick={[Function]}
                  onResponderGrant={[Function]}
                  onResponderMove={[Function]}
                  onResponderRelease={[Function]}
                  onResponderTerminate={[Function]}
                  onResponderTerminationRequest={[Function]}
                  onStartShouldSetResponder={[Function]}
                  style={
                    {
                      "opacity": 1,
                    }
                  }
                  testID="listItemIncermentButton"
                >
                  <View
                    style={
                      [
                        {},
                      ]
                    }
                  >
                    <Text
                      style={
                        [
                          {
                            "color": "#007AFF",
                            "fontSize": 18,
                            "margin": 8,
                            "textAlign": "center",
                          },
                        ]
                      }
                    >
                      +
                    </Text>
                  </View>
                </View>
              </View>
            </View>
          </View>
        </View>
      </View>
    </View>
  </RCTScrollView>
  <Text>
    Total: 
    <Text
      testID="total"
    >
      38
    </Text>
  </Text>
</View>
`;
